// Jest Snapshot v1, https://goo.gl/fbAQLP

exports[`renders correctly 1`] = `
Array [
  <div
    className="FlexItem-sc-1xhpm9o-0 jlvSfb"
  >
    <ul
      className="List-q1s69i-0 dtzGkH"
      type="none"
    >
      <li
        className="ListItem-dmbyyb-0 cDQhkd"
      >
        <li
          className="MenuItemLayout-na7wpk-1 enoKcE MenuItem-sc-13x060p-1 sc-bdVaJa cGuZFJ"
          onBlur={[Function]}
          onClick={[Function]}
          onKeyDown={[Function]}
          onKeyUp={[Function]}
        >
          <button
            role="menuitem"
          >
            <span>
              AdWord Impressions
            </span>
          </button>
        </li>
      </li>
      <li
        className="ListItem-dmbyyb-0 cDQhkd"
      >
        <li
          className="MenuItemLayout-na7wpk-1 enoKcE MenuItem-sc-13x060p-1 sc-bdVaJa cGuZFJ"
          onBlur={[Function]}
          onClick={[Function]}
          onKeyDown={[Function]}
          onKeyUp={[Function]}
        >
          <button
            role="menuitem"
          >
            <span>
              AdWord Impressions by Ad Group
            </span>
          </button>
        </li>
      </li>
      <li
        className="ListItem-dmbyyb-0 cDQhkd"
      >
        <li
          className="MenuItemLayout-na7wpk-1 enoKcE MenuItem-sc-13x060p-1 sc-bdVaJa cGuZFJ"
          onBlur={[Function]}
          onClick={[Function]}
          onKeyDown={[Function]}
          onKeyUp={[Function]}
        >
          <button
            role="menuitem"
          >
            <span>
              AdWord Impressions by Keyword
            </span>
          </button>
        </li>
      </li>
      <li
        className="ListItem-dmbyyb-0 cDQhkd"
      >
        <li
          className="MenuItemLayout-na7wpk-1 enoKcE MenuItem-sc-13x060p-1 sc-bdVaJa cGuZFJ"
          onBlur={[Function]}
          onClick={[Function]}
          onKeyDown={[Function]}
          onKeyUp={[Function]}
        >
          <button
            role="menuitem"
          >
            <span>
              AdWord Impressions by Geo
            </span>
          </button>
        </li>
      </li>
      <li
        className="ListItem-dmbyyb-0 cDQhkd"
      >
        <li
          className="MenuItemLayout-na7wpk-1 enoKcE MenuItem-sc-13x060p-1 sc-bdVaJa cGuZFJ"
          onBlur={[Function]}
          onClick={[Function]}
          onKeyDown={[Function]}
          onKeyUp={[Function]}
        >
          <button
            role="menuitem"
          >
            <span>
              AdWord Impressions by Age Range
            </span>
          </button>
        </li>
      </li>
      <li
        className="ListItem-dmbyyb-0 cDQhkd"
      >
        <li
          className="MenuItemLayout-na7wpk-1 enoKcE MenuItem-sc-13x060p-1 sc-bdVaJa cGuZFJ"
          onBlur={[Function]}
          onClick={[Function]}
          onKeyDown={[Function]}
          onKeyUp={[Function]}
        >
          <button
            role="menuitem"
          >
            <span>
              AdWord Impressions by Audience
            </span>
          </button>
        </li>
      </li>
      <li
        className="ListItem-dmbyyb-0 cDQhkd"
      >
        <li
          className="MenuItemLayout-na7wpk-1 enoKcE MenuItem-sc-13x060p-1 sc-bdVaJa cGuZFJ"
          onBlur={[Function]}
          onClick={[Function]}
          onKeyDown={[Function]}
          onKeyUp={[Function]}
        >
          <button
            role="menuitem"
          >
            <span>
              AdWord Impressions by Video
            </span>
          </button>
        </li>
      </li>
    </ul>
  </div>,
  ")",
]
`;
